# Generated by Home Manager.

[Test1]
enable-folders-sort = true
folders = INBOX,SENT,JUNK
source = maildir:///dev/null

[Test2]
pgp-key-id = 42


